     1                                 %line 1+1 scan.asm
     2                                 
     3                                 
     4                                 
     5                                 
     6                                 
     7                                 
     8                                 
     9                                 
    10                                 
    11                                 
    12                                 
    13                                 [global progr]
    14                                 [extern exit]
    15                                 
    16                                 [global SCAN]
    17                                 
    18                                 [global TOKENS]
    19                                 
    20                                 [global SHOTOKS]
    21                                 
    22                                 
    23                                 [extern SHOTOKS]
    24                                 
    25                                 [extern READ]
    26                                 [extern WRITE]
    27                                 [extern IFORM]
    28                                 
    29                                 [extern LEX]
    30                                 
    31                                 [extern BUFF]
    32                                 
    33                                 [extern MASKV]
    34                                 
    35                                 [global OUTCH]
    36                                 
    37                                 
    38                                 
    39                                 [section .data]
    40                                 INCH:
    41 00000000 01000000                dd 1
    42                                 OUTCH:
    43 00000004 03000000                dd 3
    44                                 STATUS:
    45 00000008 00000000                times 1 dd 0
    46                                 
    47                                 EOF:
    48 0000000C 00000000                dd 0
    49                                 
    50                                 LEXEME:
    51 00000010 00000000<rept>          times 5 dd 0
    52                                 
    53                                 LKIND:
    54 00000024 00000000                times 1 dd 0
    55                                 
    56                                 ICHAR:
    57 00000028 00000000                times 1 dd 0
    58                                 MODE:
    59 0000002C 00000000                times 1 dd 0
    60                                 
    61                                 STAR:
    62 00000030 2A000000                dd 42
    63                                 
    64                                 SEMICO:
    65 00000034 3B000000                dd 59
    66                                 
    67                                 FIRSTC:
    68 00000038 00000000                times 1 dd 0
    69                                 
    70                                 TOKENS:
    71 0000003C 00000000<rept>          times 509 dd 0
    72                                 
    73                                 TINDEX:
    74 00000830 00000000                times 1 dd 0
    75                                 
    76                                 
    77                                 [section .text]
    78                                 
    79                                 SCAN:
    80 00000000 55                      push EBP
    81 00000001 89E5                    mov EBP,ESP
    82                                 
    83                                 
    84                                 
    85                                 LJ1:
    86                                 
    87 00000003 B801000000              mov EAX,1
    88 00000008 09C0                    or EAX,EAX
    89 0000000A 0F8413020000            jz LJ2
    90                                 
    91                                 
    92 00000010 B800000000              mov EAX,0
    93 00000015 A3[00000000]            mov [TOKENS],EAX
    94                                 
    95                                 
    96 0000001A B801000000              mov EAX,1
    97 0000001F A3[00000000]            mov [MODE],EAX
    98                                 
    99                                 
   100                                 
   101 00000024 68[00000000]            push INCH
   102 00000029 68[00000000]            push BUFF
   103 0000002E E8(F6FFFFFF)            call READ
   104 00000033 83C408                  add ESP,4*2
   105 00000036 A3[00000000]            mov [STATUS],EAX
   106                                 
   107                                 
   108 0000003B A1[00000000]            mov EAX,[STATUS]
   109 00000040 2B05[00000000]          sub EAX,[EOF]
   110                                 
   111 00000046 7502                    jne LJ4
   112                                 
   113 00000048 89EC                    mov ESP,EBP
   114 0000004A 5D                      pop EBP
   115 0000004B C3                      ret
   116                                 
   117                                 LJ4:
   118                                 
   119                                 
   120 0000004C 68[00000000]            push OUTCH
   121 00000051 68[00000000]            push BUFF
   122 00000056 E8(F6FFFFFF)            call WRITE
   123 0000005B 83C408                  add ESP,4*2
   124                                 
   125                                 
   126 0000005E B801000000              mov EAX,1
   127 00000063 A3[00000000]            mov [ICHAR],EAX
   128                                 
   129                                 
   130 00000068 B801000000              mov EAX,1
   131 0000006D A3[00000000]            mov [TINDEX],EAX
   132                                 
   133                                 LJ6:
   134                                 
   135 00000072 A1[00000000]            mov EAX,[ICHAR]
   136 00000077 2B05[00000000]          sub EAX,[BUFF]
   137 0000007D 0F8F96010000            jg LJ7
   138                                 
   139                                 
   140                                 
   141 00000083 68[00000000]            push ICHAR
   142 00000088 68[00000000]            push LEXEME
   143 0000008D E8(F6FFFFFF)            call LEX
   144 00000092 83C408                  add ESP,4*2
   145 00000095 A3[00000000]            mov [LKIND],EAX
   146                                 
   147                                 LEX1:
   148                                 
   149                                 
   150 0000009A A1[00000000]            mov EAX,[LKIND]
   151 0000009F 09C0                    or EAX,EAX
   152                                 
   153 000000A1 7503                    jne LJ9
   154 000000A3 E972010000              jmp CONTIN
   155                                 LJ9:
   156                                 
   157                                 
   158 000000A8 A1[00000000]            mov EAX,[LEXEME]
   159 000000AD 25FF000000              and EAX,255
   160 000000B2 C1E002                  sal EAX,2
   161 000000B5 05[00000000]            add EAX,BUFF
   162 000000BA 8B00                    mov EAX,[EAX]
   163 000000BC A3[00000000]            mov [FIRSTC],EAX
   164                                 
   165                                 
   166 000000C1 A1[00000000]            mov EAX,[MODE]
   167 000000C6 09C0                    or EAX,EAX
   168 000000C8 741C                    jz LJ10
   169                                 
   170                                 
   171 000000CA A1[00000000]            mov EAX,[FIRSTC]
   172 000000CF 2B05[00000000]          sub EAX,[STAR]
   173                                 
   174 000000D5 7505                    jne LJ11
   175 000000D7 E93E010000              jmp CONTIN
   176                                 
   177 000000DC EB08                    jmp LJ12
   178                                 LJ11:
   179                                 
   180 000000DE B800000000              mov EAX,0
   181 000000E3 A3[00000000]            mov [MODE],EAX
   182                                 
   183                                 LJ12:
   184                                 LJ10:
   185                                 
   186                                 
   187 000000E8 A1[00000000]            mov EAX,[MODE]
   188 000000ED 09C0                    or EAX,EAX
   189 000000EF 7515                    jne LJ13
   190                                 
   191                                 
   192 000000F1 A1[00000000]            mov EAX,[FIRSTC]
   193 000000F6 2B05[00000000]          sub EAX,[SEMICO]
   194                                 
   195 000000FC 7508                    jne LJ14
   196                                 
   197 000000FE B801000000              mov EAX,1
   198 00000103 A3[00000000]            mov [MODE],EAX
   199                                 
   200                                 LJ14:
   201                                 LJ13:
   202                                 
   203                                 
   204                                 
   205 00000108 A1[00000000]            mov EAX,[TINDEX]
   206 0000010D C1E002                  sal EAX,2
   207 00000110 05[00000000]            add EAX,TOKENS
   208 00000115 A3[00000000]            mov [T1Z],EAX
   209 0000011A A1[00000000]            mov EAX,[LEXEME]
   210 0000011F 89C2                    mov EDX,EAX
   211 00000121 A1[00000000]            mov EAX,[T1Z]
   212 00000126 8910                    mov [EAX],EDX
   213                                 
   214                                 
   215 00000128 A1[00000000]            mov EAX,[LKIND]
   216 0000012D 48                      dec EAX
   217 0000012E 09C0                    or EAX,EAX
   218 00000130 C1E002                  sal EAX,2
   219 00000133 05[00000000]            add EAX,LC1
   220 00000138 8B00                    mov EAX,[EAX]
   221 0000013A FFE0                    jmp EAX
   222                                 [section .data]
   223                                 LC1:
   224 00000834 [00000000]              dd LK1
   225 00000838 [00000000]              dd LK2
   226 0000083C [00000000]              dd LK3
   227 00000840 [00000000]              dd LK4
   228                                 
   229                                 [section .text]
   230 0000013C E9BC000000              jmp LJ15
   231                                 LK1:
   232 00000141 EB38                    jmp LK4
   233                                 
   234 00000143 E9B5000000              jmp LJ15
   235                                 LK2:
   236                                 
   237 00000148 A1[00000000]            mov EAX,[TINDEX]
   238 0000014D 40                      inc EAX
   239 0000014E C1E002                  sal EAX,2
   240 00000151 05[00000000]            add EAX,TOKENS
   241 00000156 A3[00000000]            mov [T1Z1],EAX
   242 0000015B B801000000              mov EAX,1
   243 00000160 C1E002                  sal EAX,2
   244 00000163 05[00000000]            add EAX,LEXEME
   245 00000168 8B00                    mov EAX,[EAX]
   246 0000016A 89C2                    mov EDX,EAX
   247 0000016C A1[00000000]            mov EAX,[T1Z1]
   248 00000171 8910                    mov [EAX],EDX
   249                                 
   250 00000173 E985000000              jmp LJ15
   251                                 LK3:
   252                                 
   253 00000178 E980000000              jmp LJ15
   254                                 LK4:
   255                                 
   256                                 
   257 0000017D A1[00000000]            mov EAX,[TINDEX]
   258 00000182 40                      inc EAX
   259 00000183 C1E002                  sal EAX,2
   260 00000186 05[00000000]            add EAX,TOKENS
   261 0000018B A3[00000000]            mov [T1Z1],EAX
   262 00000190 B801000000              mov EAX,1
   263 00000195 C1E002                  sal EAX,2
   264 00000198 05[00000000]            add EAX,LEXEME
   265 0000019D 8B00                    mov EAX,[EAX]
   266 0000019F 89C2                    mov EDX,EAX
   267 000001A1 A1[00000000]            mov EAX,[T1Z1]
   268 000001A6 8910                    mov [EAX],EDX
   269                                 
   270                                 
   271 000001A8 A1[00000000]            mov EAX,[TINDEX]
   272 000001AD 83C002                  add EAX,2
   273 000001B0 C1E002                  sal EAX,2
   274 000001B3 05[00000000]            add EAX,TOKENS
   275 000001B8 A3[00000000]            mov [T1Z1],EAX
   276 000001BD B802000000              mov EAX,2
   277 000001C2 C1E002                  sal EAX,2
   278 000001C5 05[00000000]            add EAX,LEXEME
   279 000001CA 8B00                    mov EAX,[EAX]
   280 000001CC 89C2                    mov EDX,EAX
   281 000001CE A1[00000000]            mov EAX,[T1Z1]
   282 000001D3 8910                    mov [EAX],EDX
   283                                 
   284                                 
   285 000001D5 A1[00000000]            mov EAX,[TINDEX]
   286 000001DA 83C003                  add EAX,3
   287 000001DD C1E002                  sal EAX,2
   288 000001E0 05[00000000]            add EAX,TOKENS
   289 000001E5 A3[00000000]            mov [T1Z1],EAX
   290 000001EA B803000000              mov EAX,3
   291 000001EF C1E002                  sal EAX,2
   292 000001F2 05[00000000]            add EAX,LEXEME
   293 000001F7 8B00                    mov EAX,[EAX]
   294 000001F9 89C2                    mov EDX,EAX
   295 000001FB A1[00000000]            mov EAX,[T1Z1]
   296 00000200 8910                    mov [EAX],EDX
   297                                 
   298                                 LJ15:
   299                                 
   300                                 
   301                                 
   302 00000202 A1[00000000]            mov EAX,[TINDEX]
   303 00000207 83C004                  add EAX,4
   304 0000020A A3[00000000]            mov [TINDEX],EAX
   305                                 
   306                                 
   307 0000020F A1[00000000]            mov EAX,[TOKENS]
   308 00000214 40                      inc EAX
   309 00000215 A3[00000000]            mov [TOKENS],EAX
   310                                 
   311 0000021A E94EFEFFFF              jmp LJ6
   312                                 LJ7:
   313                                 
   314                                 
   315                                 CONTIN:
   316                                 
   317                                 
   318 0000021F E8(F6FFFFFF)            call SHOTOKS
   319                                 
   320 00000224 E9D5FDFFFF              jmp LJ1
   321                                 LJ2:
   322                                 
   323                                 
   324 00000229 89EC                    mov ESP,EBP
   325 0000022B 5D                      pop EBP
   326 0000022C C3                      ret
   327                                 
   328                                 [section .data]
   329                                 T1Z:
   330 00000844 00000000<rept>          times 2 dd 0
   331                                 [section .text]
   332                                 [section .data]
   333                                 T1Z1:
   334 0000084C 00000000                times 1 dd 0
   335                                 [section .text]
   336                                 
   337                                 
   338                                  end
