     1                                 %line 1+1 testcat.asm
     2                                 
     3                                 
     4                                 
     5                                 [global TESTCAT]
     6                                 
     7                                 [global progr]
     8                                 [extern exit]
     9                                 
    10                                 [global TESTCAT]
    11                                 [section .text]
    12                                 progr:
    13 00000000 55                      push EBP
    14 00000001 89E5                    mov EBP,ESP
    15 00000003 EBFE                    jmp TESTCAT
    16                                 
    17                                 
    18                                 [extern CAT2]
    19                                 [extern WRITE]
    20                                 
    21                                 
    22                                 [section .data]
    23                                 OUTCH:
    24 00000000 03000000                dd 3
    25                                 
    26                                 HELLO:
    27 00000004 05000000                dd 5
    28 00000008 48000000                dd 72
    29 0000000C 65000000                dd 101
    30 00000010 6C000000                dd 108
    31 00000014 6C000000                dd 108
    32 00000018 6F000000                dd 111
    33                                 
    34                                 PAD:
    35 0000001C 20000000                dd 32
    36 00000020 20000000                dd 32
    37 00000024 20000000                dd 32
    38 00000028 20000000                dd 32
    39 0000002C 20000000                dd 32
    40 00000030 20000000                dd 32
    41 00000034 20000000                dd 32
    42 00000038 20000000                dd 32
    43 0000003C 20000000                dd 32
    44 00000040 20000000                dd 32
    45 00000044 20000000                dd 32
    46 00000048 20000000                dd 32
    47 0000004C 20000000                dd 32
    48 00000050 20000000                dd 32
    49 00000054 20000000                dd 32
    50                                 
    51                                 SMALLW:
    52 00000058 0D000000                dd 13
    53 0000005C 20000000                dd 32
    54 00000060 53000000                dd 83
    55 00000064 6D000000                dd 109
    56 00000068 61000000                dd 97
    57 0000006C 6C000000                dd 108
    58 00000070 6C000000                dd 108
    59 00000074 20000000                dd 32
    60 00000078 57000000                dd 87
    61 0000007C 6F000000                dd 111
    62 00000080 72000000                dd 114
    63 00000084 6C000000                dd 108
    64 00000088 64000000                dd 100
    65 0000008C 2E000000                dd 46
    66                                 
    67                                 
    68                                 [section .text]
    69                                 TESTCAT:
    70                                 
    71                                 
    72 00000005 68[00000000]            push OUTCH
    73 0000000A 68[00000000]            push HELLO
    74 0000000F E8(F6FFFFFF)            call WRITE
    75 00000014 83C408                  add ESP,4*2
    76                                 
    77                                 
    78 00000017 68[00000000]            push OUTCH
    79 0000001C 68[00000000]            push SMALLW
    80 00000021 E8(F6FFFFFF)            call WRITE
    81 00000026 83C408                  add ESP,4*2
    82                                 
    83                                 
    84 00000029 68[00000000]            push HELLO
    85 0000002E 68[00000000]            push SMALLW
    86 00000033 E8(F6FFFFFF)            call CAT2
    87 00000038 83C408                  add ESP,4*2
    88                                 
    89                                 
    90 0000003B 68[00000000]            push OUTCH
    91 00000040 68[00000000]            push HELLO
    92 00000045 E8(F6FFFFFF)            call WRITE
    93 0000004A 83C408                  add ESP,4*2
    94                                 
    95                                 
    96 0000004D 89EC                    mov ESP,EBP
    97 0000004F 5D                      pop EBP
    98 00000050 C3                      ret
    99                                 
   100                                  end
