     1                                 %line 1+1 isamod.asm
     2                                 
     3                                 
     4                                 
     5                                 
     6                                 
     7                                 
     8                                 
     9                                 
    10                                 
    11                                 [global progr]
    12                                 [extern exit]
    13                                 
    14                                 [extern TOKENS]
    15                                 
    16                                 [global ISAINT]
    17                                 [global ISASYM]
    18                                 [global ISASET]
    19                                 
    20                                 [global ISAPLU]
    21                                 [global ISAMIN]
    22                                 [global ISAAST]
    23                                 [global ISASLA]
    24                                 
    25                                 [global ISALP]
    26                                 [global ISARP]
    27                                 
    28                                 [global ISASEMI]
    29                                 [global ISAEQU]
    30                                 
    31                                 
    32                                 [section .data]
    33                                 LKIND:
    34 00000000 00000000                times 1 dd 0
    35                                 
    36                                 TTYPE:
    37 00000004 00000000                times 1 dd 0
    38                                 
    39                                 OP:
    40 00000008 00000000                times 1 dd 0
    41                                 
    42                                 
    43                                 
    44                                 [section .text]
    45                                 
    46                                 ISAINT:
    47 00000000 55                      push EBP
    48 00000001 89E5                    mov EBP,ESP
    49                                 
    50                                 
    51                                 
    52                                 
    53                                 
    54                                 
    55 00000003 8B5D08                  mov EBX,[EBP+8]
    56 00000006 8B03                    mov EAX,[EBX]
    57 00000008 C1E002                  sal EAX,2
    58 0000000B 05[00000000]            add EAX,TOKENS
    59 00000010 8B00                    mov EAX,[EAX]
    60 00000012 C1F81C                  sar EAX,28
    61 00000015 83E007                  and EAX,7
    62 00000018 A3[00000000]            mov [LKIND],EAX
    63                                 
    64                                 
    65 0000001D A1[00000000]            mov EAX,[LKIND]
    66 00000022 83E802                  sub EAX,2
    67 00000025 7509                    jne LJ1
    68                                 
    69 00000027 B801000000              mov EAX,1
    70                                 
    71 0000002C 89EC                    mov ESP,EBP
    72 0000002E 5D                      pop EBP
    73 0000002F C3                      ret
    74                                 
    75 00000030 EB07                    jmp LJ2
    76                                 LJ1:
    77                                 
    78 00000032 B800000000              mov EAX,0
    79                                 
    80 00000037 89EC                    mov ESP,EBP
    81 00000039 5D                      pop EBP
    82 0000003A C3                      ret
    83                                 
    84                                 LJ2:
    85                                 
    86                                 
    87                                 
    88                                 
    89                                 
    90                                 ISASYM:
    91 0000003B 55                      push EBP
    92 0000003C 89E5                    mov EBP,ESP
    93                                 
    94                                 
    95                                 
    96                                 
    97                                 
    98                                 
    99 0000003E 8B5D08                  mov EBX,[EBP+8]
   100 00000041 8B03                    mov EAX,[EBX]
   101 00000043 C1E002                  sal EAX,2
   102 00000046 05[00000000]            add EAX,TOKENS
   103 0000004B 8B00                    mov EAX,[EAX]
   104 0000004D C1F81C                  sar EAX,28
   105 00000050 83E007                  and EAX,7
   106 00000053 A3[00000000]            mov [LKIND],EAX
   107                                 
   108                                 
   109                                 
   110 00000058 8B5D08                  mov EBX,[EBP+8]
   111 0000005B 8B03                    mov EAX,[EBX]
   112 0000005D 83C003                  add EAX,3
   113 00000060 C1E002                  sal EAX,2
   114 00000063 05[00000000]            add EAX,TOKENS
   115 00000068 8B00                    mov EAX,[EAX]
   116 0000006A C1F808                  sar EAX,8
   117 0000006D 83E00F                  and EAX,15
   118 00000070 A3[00000000]            mov [TTYPE],EAX
   119                                 
   120                                 
   121 00000075 A1[00000000]            mov EAX,[LKIND]
   122 0000007A 48                      dec EAX
   123 0000007B 7511                    jne LJ3
   124                                 
   125 0000007D A1[00000000]            mov EAX,[TTYPE]
   126 00000082 83E803                  sub EAX,3
   127                                 
   128 00000085 7407                    jz LJ4
   129                                 
   130 00000087 B801000000              mov EAX,1
   131                                 
   132 0000008C 89EC                    mov ESP,EBP
   133 0000008E 5D                      pop EBP
   134 0000008F C3                      ret
   135                                 
   136                                 LJ4:
   137                                 LJ3:
   138                                 
   139                                 
   140 00000090 B800000000              mov EAX,0
   141                                 
   142 00000095 89EC                    mov ESP,EBP
   143 00000097 5D                      pop EBP
   144 00000098 C3                      ret
   145                                 
   146                                 
   147                                 
   148                                 
   149                                 
   150                                 ISASET:
   151 00000099 55                      push EBP
   152 0000009A 89E5                    mov EBP,ESP
   153                                 
   154                                 
   155                                 
   156                                 
   157                                 
   158                                 
   159 0000009C 8B5D08                  mov EBX,[EBP+8]
   160 0000009F 8B03                    mov EAX,[EBX]
   161 000000A1 C1E002                  sal EAX,2
   162 000000A4 05[00000000]            add EAX,TOKENS
   163 000000A9 8B00                    mov EAX,[EAX]
   164 000000AB C1F81C                  sar EAX,28
   165 000000AE 83E007                  and EAX,7
   166 000000B1 A3[00000000]            mov [LKIND],EAX
   167                                 
   168                                 
   169                                 
   170 000000B6 8B5D08                  mov EBX,[EBP+8]
   171 000000B9 8B03                    mov EAX,[EBX]
   172 000000BB 83C003                  add EAX,3
   173 000000BE C1E002                  sal EAX,2
   174 000000C1 05[00000000]            add EAX,TOKENS
   175 000000C6 8B00                    mov EAX,[EAX]
   176 000000C8 C1F808                  sar EAX,8
   177 000000CB 25FF000000              and EAX,255
   178 000000D0 A3[00000000]            mov [TTYPE],EAX
   179                                 
   180                                 
   181 000000D5 A1[00000000]            mov EAX,[LKIND]
   182 000000DA 48                      dec EAX
   183 000000DB 7511                    jne LJ5
   184                                 
   185 000000DD A1[00000000]            mov EAX,[TTYPE]
   186 000000E2 83E809                  sub EAX,9
   187                                 
   188 000000E5 7507                    jne LJ6
   189                                 
   190 000000E7 B801000000              mov EAX,1
   191                                 
   192 000000EC 89EC                    mov ESP,EBP
   193 000000EE 5D                      pop EBP
   194 000000EF C3                      ret
   195                                 
   196                                 LJ6:
   197                                 LJ5:
   198                                 
   199                                 
   200 000000F0 B800000000              mov EAX,0
   201                                 
   202 000000F5 89EC                    mov ESP,EBP
   203 000000F7 5D                      pop EBP
   204 000000F8 C3                      ret
   205                                 
   206                                 
   207                                 
   208                                 
   209                                 ISAPLU:
   210 000000F9 55                      push EBP
   211 000000FA 89E5                    mov EBP,ESP
   212                                 
   213                                 
   214                                 
   215                                 
   216                                 
   217                                 
   218 000000FC 8B5D08                  mov EBX,[EBP+8]
   219 000000FF 8B03                    mov EAX,[EBX]
   220 00000101 C1E002                  sal EAX,2
   221 00000104 05[00000000]            add EAX,TOKENS
   222 00000109 8B00                    mov EAX,[EAX]
   223 0000010B C1F81C                  sar EAX,28
   224 0000010E 83E007                  and EAX,7
   225 00000111 A3[00000000]            mov [LKIND],EAX
   226                                 
   227                                 
   228                                 
   229 00000116 8B5D08                  mov EBX,[EBP+8]
   230 00000119 8B03                    mov EAX,[EBX]
   231 0000011B 83C002                  add EAX,2
   232 0000011E C1E002                  sal EAX,2
   233 00000121 05[00000000]            add EAX,TOKENS
   234 00000126 8B00                    mov EAX,[EAX]
   235 00000128 25FF000000              and EAX,255
   236 0000012D A3[00000000]            mov [OP],EAX
   237                                 
   238                                 
   239 00000132 A1[00000000]            mov EAX,[LKIND]
   240 00000137 83E804                  sub EAX,4
   241 0000013A 7511                    jne LJ7
   242                                 
   243 0000013C A1[00000000]            mov EAX,[OP]
   244 00000141 83E832                  sub EAX,50
   245                                 
   246 00000144 7507                    jne LJ8
   247                                 
   248 00000146 B801000000              mov EAX,1
   249                                 
   250 0000014B 89EC                    mov ESP,EBP
   251 0000014D 5D                      pop EBP
   252 0000014E C3                      ret
   253                                 
   254                                 LJ8:
   255                                 LJ7:
   256                                 
   257                                 
   258 0000014F B800000000              mov EAX,0
   259                                 
   260 00000154 89EC                    mov ESP,EBP
   261 00000156 5D                      pop EBP
   262 00000157 C3                      ret
   263                                 
   264                                 
   265                                 
   266                                 
   267                                 ISAMIN:
   268 00000158 55                      push EBP
   269 00000159 89E5                    mov EBP,ESP
   270                                 
   271                                 
   272                                 
   273                                 
   274                                 
   275                                 
   276 0000015B 8B5D08                  mov EBX,[EBP+8]
   277 0000015E 8B03                    mov EAX,[EBX]
   278 00000160 C1E002                  sal EAX,2
   279 00000163 05[00000000]            add EAX,TOKENS
   280 00000168 8B00                    mov EAX,[EAX]
   281 0000016A C1F81C                  sar EAX,28
   282 0000016D 83E007                  and EAX,7
   283 00000170 A3[00000000]            mov [LKIND],EAX
   284                                 
   285                                 
   286                                 
   287 00000175 8B5D08                  mov EBX,[EBP+8]
   288 00000178 8B03                    mov EAX,[EBX]
   289 0000017A 83C002                  add EAX,2
   290 0000017D C1E002                  sal EAX,2
   291 00000180 05[00000000]            add EAX,TOKENS
   292 00000185 8B00                    mov EAX,[EAX]
   293 00000187 25FF000000              and EAX,255
   294 0000018C A3[00000000]            mov [OP],EAX
   295                                 
   296                                 
   297 00000191 A1[00000000]            mov EAX,[LKIND]
   298 00000196 83E804                  sub EAX,4
   299 00000199 7511                    jne LJ9
   300                                 
   301 0000019B A1[00000000]            mov EAX,[OP]
   302 000001A0 83E833                  sub EAX,51
   303                                 
   304 000001A3 7507                    jne LJ10
   305                                 
   306 000001A5 B801000000              mov EAX,1
   307                                 
   308 000001AA 89EC                    mov ESP,EBP
   309 000001AC 5D                      pop EBP
   310 000001AD C3                      ret
   311                                 
   312                                 LJ10:
   313                                 LJ9:
   314                                 
   315                                 
   316 000001AE B800000000              mov EAX,0
   317                                 
   318 000001B3 89EC                    mov ESP,EBP
   319 000001B5 5D                      pop EBP
   320 000001B6 C3                      ret
   321                                 
   322                                 
   323                                 
   324                                 
   325                                 ISAAST:
   326 000001B7 55                      push EBP
   327 000001B8 89E5                    mov EBP,ESP
   328                                 
   329                                 
   330                                 
   331                                 
   332                                 
   333                                 
   334 000001BA 8B5D08                  mov EBX,[EBP+8]
   335 000001BD 8B03                    mov EAX,[EBX]
   336 000001BF C1E002                  sal EAX,2
   337 000001C2 05[00000000]            add EAX,TOKENS
   338 000001C7 8B00                    mov EAX,[EAX]
   339 000001C9 C1F81C                  sar EAX,28
   340 000001CC 83E007                  and EAX,7
   341 000001CF A3[00000000]            mov [LKIND],EAX
   342                                 
   343                                 
   344                                 
   345 000001D4 8B5D08                  mov EBX,[EBP+8]
   346 000001D7 8B03                    mov EAX,[EBX]
   347 000001D9 83C002                  add EAX,2
   348 000001DC C1E002                  sal EAX,2
   349 000001DF 05[00000000]            add EAX,TOKENS
   350 000001E4 8B00                    mov EAX,[EAX]
   351 000001E6 25FF000000              and EAX,255
   352 000001EB A3[00000000]            mov [OP],EAX
   353                                 
   354                                 
   355 000001F0 A1[00000000]            mov EAX,[LKIND]
   356 000001F5 83E804                  sub EAX,4
   357 000001F8 7511                    jne LJ11
   358                                 
   359 000001FA A1[00000000]            mov EAX,[OP]
   360 000001FF 83E835                  sub EAX,53
   361                                 
   362 00000202 7507                    jne LJ12
   363                                 
   364 00000204 B801000000              mov EAX,1
   365                                 
   366 00000209 89EC                    mov ESP,EBP
   367 0000020B 5D                      pop EBP
   368 0000020C C3                      ret
   369                                 
   370                                 LJ12:
   371                                 LJ11:
   372                                 
   373                                 
   374 0000020D B800000000              mov EAX,0
   375                                 
   376 00000212 89EC                    mov ESP,EBP
   377 00000214 5D                      pop EBP
   378 00000215 C3                      ret
   379                                 
   380                                 
   381                                 
   382                                 
   383                                 ISASLA:
   384 00000216 55                      push EBP
   385 00000217 89E5                    mov EBP,ESP
   386                                 
   387                                 
   388                                 
   389                                 
   390                                 
   391                                 
   392 00000219 8B5D08                  mov EBX,[EBP+8]
   393 0000021C 8B03                    mov EAX,[EBX]
   394 0000021E C1E002                  sal EAX,2
   395 00000221 05[00000000]            add EAX,TOKENS
   396 00000226 8B00                    mov EAX,[EAX]
   397 00000228 C1F81C                  sar EAX,28
   398 0000022B 83E007                  and EAX,7
   399 0000022E A3[00000000]            mov [LKIND],EAX
   400                                 
   401                                 
   402                                 
   403 00000233 8B5D08                  mov EBX,[EBP+8]
   404 00000236 8B03                    mov EAX,[EBX]
   405 00000238 83C002                  add EAX,2
   406 0000023B C1E002                  sal EAX,2
   407 0000023E 05[00000000]            add EAX,TOKENS
   408 00000243 8B00                    mov EAX,[EAX]
   409 00000245 25FF000000              and EAX,255
   410 0000024A A3[00000000]            mov [OP],EAX
   411                                 
   412                                 
   413 0000024F A1[00000000]            mov EAX,[LKIND]
   414 00000254 83E804                  sub EAX,4
   415 00000257 7511                    jne LJ13
   416                                 
   417 00000259 A1[00000000]            mov EAX,[OP]
   418 0000025E 83E836                  sub EAX,54
   419                                 
   420 00000261 7507                    jne LJ14
   421                                 
   422 00000263 B801000000              mov EAX,1
   423                                 
   424 00000268 89EC                    mov ESP,EBP
   425 0000026A 5D                      pop EBP
   426 0000026B C3                      ret
   427                                 
   428                                 LJ14:
   429                                 LJ13:
   430                                 
   431                                 
   432 0000026C B800000000              mov EAX,0
   433                                 
   434 00000271 89EC                    mov ESP,EBP
   435 00000273 5D                      pop EBP
   436 00000274 C3                      ret
   437                                 
   438                                 
   439                                 
   440                                 
   441                                 ISALP:
   442 00000275 55                      push EBP
   443 00000276 89E5                    mov EBP,ESP
   444                                 
   445                                 
   446                                 
   447                                 
   448                                 
   449                                 
   450 00000278 8B5D08                  mov EBX,[EBP+8]
   451 0000027B 8B03                    mov EAX,[EBX]
   452 0000027D C1E002                  sal EAX,2
   453 00000280 05[00000000]            add EAX,TOKENS
   454 00000285 8B00                    mov EAX,[EAX]
   455 00000287 C1F81C                  sar EAX,28
   456 0000028A 83E007                  and EAX,7
   457 0000028D A3[00000000]            mov [LKIND],EAX
   458                                 
   459                                 
   460                                 
   461 00000292 8B5D08                  mov EBX,[EBP+8]
   462 00000295 8B03                    mov EAX,[EBX]
   463 00000297 83C002                  add EAX,2
   464 0000029A C1E002                  sal EAX,2
   465 0000029D 05[00000000]            add EAX,TOKENS
   466 000002A2 8B00                    mov EAX,[EAX]
   467 000002A4 25FF000000              and EAX,255
   468 000002A9 A3[00000000]            mov [OP],EAX
   469                                 
   470                                 
   471 000002AE A1[00000000]            mov EAX,[LKIND]
   472 000002B3 83E804                  sub EAX,4
   473 000002B6 7511                    jne LJ15
   474                                 
   475 000002B8 A1[00000000]            mov EAX,[OP]
   476 000002BD 83E840                  sub EAX,64
   477                                 
   478 000002C0 7507                    jne LJ16
   479                                 
   480 000002C2 B801000000              mov EAX,1
   481                                 
   482 000002C7 89EC                    mov ESP,EBP
   483 000002C9 5D                      pop EBP
   484 000002CA C3                      ret
   485                                 
   486                                 LJ16:
   487                                 LJ15:
   488                                 
   489                                 
   490 000002CB B800000000              mov EAX,0
   491                                 
   492 000002D0 89EC                    mov ESP,EBP
   493 000002D2 5D                      pop EBP
   494 000002D3 C3                      ret
   495                                 
   496                                 
   497                                 
   498                                 
   499                                 ISARP:
   500 000002D4 55                      push EBP
   501 000002D5 89E5                    mov EBP,ESP
   502                                 
   503                                 
   504                                 
   505                                 
   506                                 
   507                                 
   508 000002D7 8B5D08                  mov EBX,[EBP+8]
   509 000002DA 8B03                    mov EAX,[EBX]
   510 000002DC C1E002                  sal EAX,2
   511 000002DF 05[00000000]            add EAX,TOKENS
   512 000002E4 8B00                    mov EAX,[EAX]
   513 000002E6 C1F81C                  sar EAX,28
   514 000002E9 83E007                  and EAX,7
   515 000002EC A3[00000000]            mov [LKIND],EAX
   516                                 
   517                                 
   518                                 
   519 000002F1 8B5D08                  mov EBX,[EBP+8]
   520 000002F4 8B03                    mov EAX,[EBX]
   521 000002F6 83C002                  add EAX,2
   522 000002F9 C1E002                  sal EAX,2
   523 000002FC 05[00000000]            add EAX,TOKENS
   524 00000301 8B00                    mov EAX,[EAX]
   525 00000303 25FF000000              and EAX,255
   526 00000308 A3[00000000]            mov [OP],EAX
   527                                 
   528                                 
   529 0000030D A1[00000000]            mov EAX,[LKIND]
   530 00000312 83E804                  sub EAX,4
   531 00000315 7511                    jne LJ17
   532                                 
   533 00000317 A1[00000000]            mov EAX,[OP]
   534 0000031C 83E841                  sub EAX,65
   535                                 
   536 0000031F 7507                    jne LJ18
   537                                 
   538 00000321 B801000000              mov EAX,1
   539                                 
   540 00000326 89EC                    mov ESP,EBP
   541 00000328 5D                      pop EBP
   542 00000329 C3                      ret
   543                                 
   544                                 LJ18:
   545                                 LJ17:
   546                                 
   547                                 
   548 0000032A B800000000              mov EAX,0
   549                                 
   550 0000032F 89EC                    mov ESP,EBP
   551 00000331 5D                      pop EBP
   552 00000332 C3                      ret
   553                                 
   554                                 
   555                                 
   556                                 
   557                                 ISASEMI:
   558 00000333 55                      push EBP
   559 00000334 89E5                    mov EBP,ESP
   560                                 
   561                                 
   562                                 
   563                                 
   564                                 
   565                                 
   566 00000336 8B5D08                  mov EBX,[EBP+8]
   567 00000339 8B03                    mov EAX,[EBX]
   568 0000033B C1E002                  sal EAX,2
   569 0000033E 05[00000000]            add EAX,TOKENS
   570 00000343 8B00                    mov EAX,[EAX]
   571 00000345 C1F81C                  sar EAX,28
   572 00000348 83E007                  and EAX,7
   573 0000034B A3[00000000]            mov [LKIND],EAX
   574                                 
   575                                 
   576                                 
   577 00000350 8B5D08                  mov EBX,[EBP+8]
   578 00000353 8B03                    mov EAX,[EBX]
   579 00000355 83C002                  add EAX,2
   580 00000358 C1E002                  sal EAX,2
   581 0000035B 05[00000000]            add EAX,TOKENS
   582 00000360 8B00                    mov EAX,[EAX]
   583 00000362 25FF000000              and EAX,255
   584 00000367 A3[00000000]            mov [OP],EAX
   585                                 
   586                                 
   587 0000036C A1[00000000]            mov EAX,[LKIND]
   588 00000371 83E804                  sub EAX,4
   589 00000374 7511                    jne LJ19
   590                                 
   591 00000376 A1[00000000]            mov EAX,[OP]
   592 0000037B 83E83F                  sub EAX,63
   593                                 
   594 0000037E 7507                    jne LJ20
   595                                 
   596 00000380 B801000000              mov EAX,1
   597                                 
   598 00000385 89EC                    mov ESP,EBP
   599 00000387 5D                      pop EBP
   600 00000388 C3                      ret
   601                                 
   602                                 LJ20:
   603                                 LJ19:
   604                                 
   605                                 
   606 00000389 B800000000              mov EAX,0
   607                                 
   608 0000038E 89EC                    mov ESP,EBP
   609 00000390 5D                      pop EBP
   610 00000391 C3                      ret
   611                                 
   612                                 
   613                                 
   614                                 
   615                                 ISAEQU:
   616 00000392 55                      push EBP
   617 00000393 89E5                    mov EBP,ESP
   618                                 
   619                                 
   620                                 
   621                                 
   622                                 
   623                                 
   624 00000395 8B5D08                  mov EBX,[EBP+8]
   625 00000398 8B03                    mov EAX,[EBX]
   626 0000039A C1E002                  sal EAX,2
   627 0000039D 05[00000000]            add EAX,TOKENS
   628 000003A2 8B00                    mov EAX,[EAX]
   629 000003A4 C1F81C                  sar EAX,28
   630 000003A7 83E007                  and EAX,7
   631 000003AA A3[00000000]            mov [LKIND],EAX
   632                                 
   633                                 
   634                                 
   635 000003AF 8B5D08                  mov EBX,[EBP+8]
   636 000003B2 8B03                    mov EAX,[EBX]
   637 000003B4 83C002                  add EAX,2
   638 000003B7 C1E002                  sal EAX,2
   639 000003BA 05[00000000]            add EAX,TOKENS
   640 000003BF 8B00                    mov EAX,[EAX]
   641 000003C1 25FF000000              and EAX,255
   642 000003C6 A3[00000000]            mov [OP],EAX
   643                                 
   644                                 
   645 000003CB A1[00000000]            mov EAX,[LKIND]
   646 000003D0 83E804                  sub EAX,4
   647 000003D3 7511                    jne LJ21
   648                                 
   649 000003D5 A1[00000000]            mov EAX,[OP]
   650 000003DA 83E843                  sub EAX,67
   651                                 
   652 000003DD 7507                    jne LJ22
   653                                 
   654 000003DF B801000000              mov EAX,1
   655                                 
   656 000003E4 89EC                    mov ESP,EBP
   657 000003E6 5D                      pop EBP
   658 000003E7 C3                      ret
   659                                 
   660                                 LJ22:
   661                                 LJ21:
   662                                 
   663                                 
   664 000003E8 B800000000              mov EAX,0
   665                                 
   666 000003ED 89EC                    mov ESP,EBP
   667 000003EF 5D                      pop EBP
   668 000003F0 C3                      ret
   669                                 
   670                                 
   671                                 
   672                                  end
