     1                                 %line 1+1 scan.asm
     2                                 
     3                                 
     4                                 
     5                                 
     6                                 
     7                                 
     8                                 
     9                                 
    10                                 
    11                                 
    12                                 
    13                                 
    14                                 
    15                                 [global progr]
    16                                 [extern exit]
    17                                 
    18                                 [global SCAN]
    19                                 
    20                                 [global TOKENS]
    21                                 
    22                                 [global SHOTOKS]
    23                                 
    24                                 
    25                                 [extern SHOTOKS]
    26                                 
    27                                 [extern READ]
    28                                 [extern WRITE]
    29                                 [extern IFORM]
    30                                 
    31                                 [extern LEX]
    32                                 
    33                                 [extern EVALS]
    34                                 
    35                                 [extern BUFF]
    36                                 
    37                                 [extern MASKV]
    38                                 
    39                                 [global OUTCH]
    40                                 
    41                                 
    42                                 
    43                                 [section .data]
    44                                 INCH:
    45 00000000 01000000                dd 1
    46                                 OUTCH:
    47 00000004 03000000                dd 3
    48                                 STATUS:
    49 00000008 00000000                times 1 dd 0
    50                                 
    51                                 EOF:
    52 0000000C 00000000                dd 0
    53                                 
    54                                 LEXEME:
    55 00000010 00000000<rept>          times 5 dd 0
    56                                 
    57                                 LKIND:
    58 00000024 00000000                times 1 dd 0
    59                                 
    60                                 ICHAR:
    61 00000028 00000000                times 1 dd 0
    62                                 MODE:
    63 0000002C 00000000                times 1 dd 0
    64                                 
    65                                 STAR:
    66 00000030 2A000000                dd 42
    67                                 
    68                                 SEMICO:
    69 00000034 3B000000                dd 59
    70                                 
    71                                 FIRSTC:
    72 00000038 00000000                times 1 dd 0
    73                                 
    74                                 TOKENS:
    75 0000003C 00000000<rept>          times 509 dd 0
    76                                 
    77                                 TINDEX:
    78 00000830 00000000                times 1 dd 0
    79                                 
    80                                 ANSWER:
    81 00000834 00000000                times 1 dd 0
    82                                 IT:
    83 00000838 00000000                times 1 dd 0
    84                                 
    85                                 
    86                                 [section .text]
    87                                 
    88                                 SCAN:
    89 00000000 55                      push EBP
    90 00000001 89E5                    mov EBP,ESP
    91                                 
    92                                 
    93                                 
    94                                 LJ1:
    95                                 
    96 00000003 B801000000              mov EAX,1
    97 00000008 09C0                    or EAX,EAX
    98 0000000A 0F842A020000            jz LJ2
    99                                 
   100                                 
   101 00000010 B800000000              mov EAX,0
   102 00000015 A3[00000000]            mov [TOKENS],EAX
   103                                 
   104                                 
   105 0000001A B801000000              mov EAX,1
   106 0000001F A3[00000000]            mov [MODE],EAX
   107                                 
   108                                 
   109                                 
   110 00000024 68[00000000]            push INCH
   111 00000029 68[00000000]            push BUFF
   112 0000002E E8(F6FFFFFF)            call READ
   113 00000033 83C408                  add ESP,4*2
   114 00000036 A3[00000000]            mov [STATUS],EAX
   115                                 
   116                                 
   117 0000003B A1[00000000]            mov EAX,[STATUS]
   118 00000040 2B05[00000000]          sub EAX,[EOF]
   119                                 
   120 00000046 7502                    jne LJ4
   121                                 
   122 00000048 89EC                    mov ESP,EBP
   123 0000004A 5D                      pop EBP
   124 0000004B C3                      ret
   125                                 
   126                                 LJ4:
   127                                 
   128                                 
   129 0000004C 68[00000000]            push OUTCH
   130 00000051 68[00000000]            push BUFF
   131 00000056 E8(F6FFFFFF)            call WRITE
   132 0000005B 83C408                  add ESP,4*2
   133                                 
   134                                 
   135 0000005E B801000000              mov EAX,1
   136 00000063 A3[00000000]            mov [ICHAR],EAX
   137                                 
   138                                 
   139 00000068 B801000000              mov EAX,1
   140 0000006D A3[00000000]            mov [TINDEX],EAX
   141                                 
   142                                 LJ6:
   143                                 
   144 00000072 A1[00000000]            mov EAX,[ICHAR]
   145 00000077 2B05[00000000]          sub EAX,[BUFF]
   146 0000007D 0F8F96010000            jg LJ7
   147                                 
   148                                 
   149                                 
   150 00000083 68[00000000]            push ICHAR
   151 00000088 68[00000000]            push LEXEME
   152 0000008D E8(F6FFFFFF)            call LEX
   153 00000092 83C408                  add ESP,4*2
   154 00000095 A3[00000000]            mov [LKIND],EAX
   155                                 
   156                                 LEX1:
   157                                 
   158                                 
   159 0000009A A1[00000000]            mov EAX,[LKIND]
   160 0000009F 09C0                    or EAX,EAX
   161                                 
   162 000000A1 7503                    jne LJ9
   163 000000A3 E972010000              jmp CONTIN
   164                                 LJ9:
   165                                 
   166                                 
   167 000000A8 A1[00000000]            mov EAX,[LEXEME]
   168 000000AD 25FF000000              and EAX,255
   169 000000B2 C1E002                  sal EAX,2
   170 000000B5 05[00000000]            add EAX,BUFF
   171 000000BA 8B00                    mov EAX,[EAX]
   172 000000BC A3[00000000]            mov [FIRSTC],EAX
   173                                 
   174                                 
   175 000000C1 A1[00000000]            mov EAX,[MODE]
   176 000000C6 09C0                    or EAX,EAX
   177 000000C8 741C                    jz LJ10
   178                                 
   179                                 
   180 000000CA A1[00000000]            mov EAX,[FIRSTC]
   181 000000CF 2B05[00000000]          sub EAX,[STAR]
   182                                 
   183 000000D5 7505                    jne LJ11
   184 000000D7 E93E010000              jmp CONTIN
   185                                 
   186 000000DC EB08                    jmp LJ12
   187                                 LJ11:
   188                                 
   189 000000DE B800000000              mov EAX,0
   190 000000E3 A3[00000000]            mov [MODE],EAX
   191                                 
   192                                 LJ12:
   193                                 LJ10:
   194                                 
   195                                 
   196 000000E8 A1[00000000]            mov EAX,[MODE]
   197 000000ED 09C0                    or EAX,EAX
   198 000000EF 7515                    jne LJ13
   199                                 
   200                                 
   201 000000F1 A1[00000000]            mov EAX,[FIRSTC]
   202 000000F6 2B05[00000000]          sub EAX,[SEMICO]
   203                                 
   204 000000FC 7508                    jne LJ14
   205                                 
   206 000000FE B801000000              mov EAX,1
   207 00000103 A3[00000000]            mov [MODE],EAX
   208                                 
   209                                 LJ14:
   210                                 LJ13:
   211                                 
   212                                 
   213                                 
   214 00000108 A1[00000000]            mov EAX,[TINDEX]
   215 0000010D C1E002                  sal EAX,2
   216 00000110 05[00000000]            add EAX,TOKENS
   217 00000115 A3[00000000]            mov [T1Z],EAX
   218 0000011A A1[00000000]            mov EAX,[LEXEME]
   219 0000011F 89C2                    mov EDX,EAX
   220 00000121 A1[00000000]            mov EAX,[T1Z]
   221 00000126 8910                    mov [EAX],EDX
   222                                 
   223                                 
   224 00000128 A1[00000000]            mov EAX,[LKIND]
   225 0000012D 48                      dec EAX
   226 0000012E 09C0                    or EAX,EAX
   227 00000130 C1E002                  sal EAX,2
   228 00000133 05[00000000]            add EAX,LC1
   229 00000138 8B00                    mov EAX,[EAX]
   230 0000013A FFE0                    jmp EAX
   231                                 [section .data]
   232                                 LC1:
   233 0000083C [00000000]              dd LK1
   234 00000840 [00000000]              dd LK2
   235 00000844 [00000000]              dd LK3
   236 00000848 [00000000]              dd LK4
   237                                 
   238                                 [section .text]
   239 0000013C E9BC000000              jmp LJ15
   240                                 LK1:
   241 00000141 EB38                    jmp LK4
   242                                 
   243 00000143 E9B5000000              jmp LJ15
   244                                 LK2:
   245                                 
   246 00000148 A1[00000000]            mov EAX,[TINDEX]
   247 0000014D 40                      inc EAX
   248 0000014E C1E002                  sal EAX,2
   249 00000151 05[00000000]            add EAX,TOKENS
   250 00000156 A3[00000000]            mov [T1Z1],EAX
   251 0000015B B801000000              mov EAX,1
   252 00000160 C1E002                  sal EAX,2
   253 00000163 05[00000000]            add EAX,LEXEME
   254 00000168 8B00                    mov EAX,[EAX]
   255 0000016A 89C2                    mov EDX,EAX
   256 0000016C A1[00000000]            mov EAX,[T1Z1]
   257 00000171 8910                    mov [EAX],EDX
   258                                 
   259 00000173 E985000000              jmp LJ15
   260                                 LK3:
   261                                 
   262 00000178 E980000000              jmp LJ15
   263                                 LK4:
   264                                 
   265                                 
   266 0000017D A1[00000000]            mov EAX,[TINDEX]
   267 00000182 40                      inc EAX
   268 00000183 C1E002                  sal EAX,2
   269 00000186 05[00000000]            add EAX,TOKENS
   270 0000018B A3[00000000]            mov [T1Z1],EAX
   271 00000190 B801000000              mov EAX,1
   272 00000195 C1E002                  sal EAX,2
   273 00000198 05[00000000]            add EAX,LEXEME
   274 0000019D 8B00                    mov EAX,[EAX]
   275 0000019F 89C2                    mov EDX,EAX
   276 000001A1 A1[00000000]            mov EAX,[T1Z1]
   277 000001A6 8910                    mov [EAX],EDX
   278                                 
   279                                 
   280 000001A8 A1[00000000]            mov EAX,[TINDEX]
   281 000001AD 83C002                  add EAX,2
   282 000001B0 C1E002                  sal EAX,2
   283 000001B3 05[00000000]            add EAX,TOKENS
   284 000001B8 A3[00000000]            mov [T1Z1],EAX
   285 000001BD B802000000              mov EAX,2
   286 000001C2 C1E002                  sal EAX,2
   287 000001C5 05[00000000]            add EAX,LEXEME
   288 000001CA 8B00                    mov EAX,[EAX]
   289 000001CC 89C2                    mov EDX,EAX
   290 000001CE A1[00000000]            mov EAX,[T1Z1]
   291 000001D3 8910                    mov [EAX],EDX
   292                                 
   293                                 
   294 000001D5 A1[00000000]            mov EAX,[TINDEX]
   295 000001DA 83C003                  add EAX,3
   296 000001DD C1E002                  sal EAX,2
   297 000001E0 05[00000000]            add EAX,TOKENS
   298 000001E5 A3[00000000]            mov [T1Z1],EAX
   299 000001EA B803000000              mov EAX,3
   300 000001EF C1E002                  sal EAX,2
   301 000001F2 05[00000000]            add EAX,LEXEME
   302 000001F7 8B00                    mov EAX,[EAX]
   303 000001F9 89C2                    mov EDX,EAX
   304 000001FB A1[00000000]            mov EAX,[T1Z1]
   305 00000200 8910                    mov [EAX],EDX
   306                                 
   307                                 LJ15:
   308                                 
   309                                 
   310                                 
   311 00000202 A1[00000000]            mov EAX,[TINDEX]
   312 00000207 83C004                  add EAX,4
   313 0000020A A3[00000000]            mov [TINDEX],EAX
   314                                 
   315                                 
   316 0000020F A1[00000000]            mov EAX,[TOKENS]
   317 00000214 40                      inc EAX
   318 00000215 A3[00000000]            mov [TOKENS],EAX
   319                                 
   320 0000021A E94EFEFFFF              jmp LJ6
   321                                 LJ7:
   322                                 
   323                                 
   324                                 CONTIN:
   325                                 
   326                                 
   327                                 
   328 0000021F B801000000              mov EAX,1
   329 00000224 A3[00000000]            mov [IT],EAX
   330                                 
   331                                 
   332                                 
   333 00000229 68[00000000]            push IT
   334 0000022E E8(F6FFFFFF)            call EVALS
   335 00000233 83C404                  add ESP,4*1
   336 00000236 A3[00000000]            mov [ANSWER],EAX
   337                                 
   338 0000023B E9BEFDFFFF              jmp LJ1
   339                                 LJ2:
   340                                 
   341                                 
   342 00000240 89EC                    mov ESP,EBP
   343 00000242 5D                      pop EBP
   344 00000243 C3                      ret
   345                                 
   346                                 [section .data]
   347                                 T1Z:
   348 0000084C 00000000<rept>          times 2 dd 0
   349                                 [section .text]
   350                                 [section .data]
   351                                 T1Z1:
   352 00000854 00000000                times 1 dd 0
   353                                 [section .text]
   354                                 
   355                                 
   356                                  end
