     1                                 %line 1+1 symacc.asm
     2                                 
     3                                 
     4                                 
     5                                 
     6                                 
     7                                 
     8                                 
     9                                 
    10                                 
    11                                 
    12                                 
    13                                 
    14                                 
    15                                 
    16                                 [global progr]
    17                                 [extern exit]
    18                                 
    19                                 
    20                                 
    21                                 
    22                                 
    23                                 
    24                                 
    25                                 [global LOOKS]
    26                                 [global GETS]
    27                                 [global PUTS]
    28                                 [global GETWRD]
    29                                 
    30                                 [global A2B40]
    31                                 [global A2B40L]
    32                                 [global B402A]
    33                                 
    34                                 [global COLLS]
    35                                 
    36                                 [global MASKV]
    37                                 [global MASKW]
    38                                 [global MOD40K]
    39                                 
    40                                 
    41                                 
    42                                 [section .data]
    43                                 TABLE:
    44 00000000 00000000<rept>          times 8192 dd 0
    45                                 
    46                                 STRING:
    47 00008000 00000000<rept>          times 7 dd 0
    48                                 
    49                                 I:
    50 0000801C 00000000                times 1 dd 0
    51                                 J:
    52 00008020 00000000                times 1 dd 0
    53                                 CHAR:
    54 00008024 00000000                times 1 dd 0
    55                                 LEN:
    56 00008028 00000000                times 1 dd 0
    57                                 B:
    58 0000802C 00000000                times 1 dd 0
    59                                 CODE:
    60 00008030 00000000                times 1 dd 0
    61                                 
    62                                 MASKE:
    63 00008034 FEFFFFFF                dd -2
    64                                 
    65                                 MASKV:
    66 00008038 FFFFFFFF                dd -1
    67                                 
    68                                 MASKW:
    69 0000803C 00000000                times 1 dd 0
    70                                 
    71                                 MOD40K:
    72 00008040 00000000                times 1 dd 0
    73                                 
    74                                 COLFLG:
    75 00008044 00000000                times 1 dd 0
    76                                 COLLS:
    77 00008048 00000000                dd 0
    78                                 
    79                                 ANC:
    80 0000804C 00000000                times 1 dd 0
    81                                 
    82                                 
    83                                 
    84                                 
    85                                 
    86                                 
    87                                 [section .text]
    88                                 
    89                                 A2B40:
    90 00000000 55                      push EBP
    91 00000001 89E5                    mov EBP,ESP
    92                                 
    93                                 
    94                                 
    95                                 
    96                                 
    97                                 
    98 00000003 8B5D08                  mov EBX,[EBP+8]
    99 00000006 8B03                    mov EAX,[EBX]
   100 00000008 A3[00000000]            mov [LEN],EAX
   101                                 
   102                                 
   103 0000000D A1[00000000]            mov EAX,[LEN]
   104 00000012 83E806                  sub EAX,6
   105 00000015 7E08                    jle LJ1
   106                                 
   107                                 
   108 00000017 B806000000              mov EAX,6
   109 0000001C A3[00000000]            mov [LEN],EAX
   110                                 
   111                                 LJ1:
   112                                 
   113                                 
   114 00000021 A1[00000000]            mov EAX,[LEN]
   115 00000026 A3[00000000]            mov [I],EAX
   116                                 
   117                                 
   118 0000002B B800000000              mov EAX,0
   119 00000030 A3[00000000]            mov [CODE],EAX
   120                                 
   121                                 LJ2:
   122                                 
   123 00000035 A1[00000000]            mov EAX,[I]
   124 0000003A 09C0                    or EAX,EAX
   125 0000003C 0F8E7D000000            jle LJ3
   126                                 
   127                                 
   128 00000042 A1[00000000]            mov EAX,[I]
   129 00000047 C1E002                  sal EAX,2
   130                                 
   131 0000004A 8B5D08                  mov EBX,[EBP+8]
   132 0000004D 01D8                    add EAX,EBX
   133 0000004F 8B00                    mov EAX,[EAX]
   134 00000051 A3[00000000]            mov [CHAR],EAX
   135                                 
   136                                 
   137 00000056 A1[00000000]            mov EAX,[CHAR]
   138 0000005B 83E839                  sub EAX,57
   139 0000005E 7F0D                    jg LJ4
   140                                 
   141                                 
   142 00000060 A1[00000000]            mov EAX,[CHAR]
   143 00000065 83E815                  sub EAX,21
   144 00000068 A3[00000000]            mov [B],EAX
   145                                 
   146 0000006D EB2E                    jmp LJ5
   147                                 LJ4:
   148                                 
   149 0000006F A1[00000000]            mov EAX,[CHAR]
   150 00000074 83E85A                  sub EAX,90
   151 00000077 7F0D                    jg LJ6
   152                                 
   153                                 
   154 00000079 A1[00000000]            mov EAX,[CHAR]
   155 0000007E 83E840                  sub EAX,64
   156 00000081 A3[00000000]            mov [B],EAX
   157                                 
   158 00000086 EB15                    jmp LJ7
   159                                 LJ6:
   160                                 
   161 00000088 A1[00000000]            mov EAX,[CHAR]
   162 0000008D 83E87A                  sub EAX,122
   163 00000090 7F0B                    jg LJ8
   164                                 
   165                                 
   166 00000092 A1[00000000]            mov EAX,[CHAR]
   167 00000097 83E860                  sub EAX,96
   168 0000009A A3[00000000]            mov [B],EAX
   169                                 
   170                                 LJ8:
   171                                 LJ7:
   172                                 LJ5:
   173                                 
   174                                 
   175 0000009F B828000000              mov EAX,40
   176 000000A4 F72D[00000000]          imul dword [CODE]
   177 000000AA 0305[00000000]          add EAX,[B]
   178 000000B0 A3[00000000]            mov [CODE],EAX
   179                                 
   180                                 
   181 000000B5 A1[00000000]            mov EAX,[I]
   182 000000BA 48                      dec EAX
   183 000000BB A3[00000000]            mov [I],EAX
   184                                 
   185 000000C0 E96BFFFFFF              jmp LJ2
   186                                 LJ3:
   187                                 
   188                                 
   189 000000C5 A1[00000000]            mov EAX,[CODE]
   190                                 
   191 000000CA 89EC                    mov ESP,EBP
   192 000000CC 5D                      pop EBP
   193 000000CD C3                      ret
   194                                 
   195                                 
   196                                 
   197                                 
   198                                 
   199                                 
   200                                 
   201                                 A2B40L:
   202 000000CE 55                      push EBP
   203 000000CF 89E5                    mov EBP,ESP
   204                                 
   205                                 
   206                                 
   207                                 
   208                                 
   209                                 
   210                                 
   211 000000D1 8B5D0C                  mov EBX,[EBP+12]
   212 000000D4 8B03                    mov EAX,[EBX]
   213 000000D6 25FF000000              and EAX,255
   214 000000DB A3[00000000]            mov [ANC],EAX
   215                                 
   216                                 
   217                                 
   218 000000E0 8B5D0C                  mov EBX,[EBP+12]
   219 000000E3 8B03                    mov EAX,[EBX]
   220 000000E5 C1F808                  sar EAX,8
   221 000000E8 25FF000000              and EAX,255
   222 000000ED A3[00000000]            mov [LEN],EAX
   223                                 
   224                                 
   225 000000F2 A1[00000000]            mov EAX,[LEN]
   226 000000F7 83E806                  sub EAX,6
   227 000000FA 7E08                    jle LJ9
   228                                 
   229                                 
   230 000000FC B806000000              mov EAX,6
   231 00000101 A3[00000000]            mov [LEN],EAX
   232                                 
   233                                 LJ9:
   234                                 
   235                                 
   236 00000106 A1[00000000]            mov EAX,[ANC]
   237 0000010B 0305[00000000]          add EAX,[LEN]
   238 00000111 48                      dec EAX
   239 00000112 A3[00000000]            mov [I],EAX
   240                                 
   241                                 
   242 00000117 B800000000              mov EAX,0
   243 0000011C A3[00000000]            mov [CODE],EAX
   244                                 
   245                                 LJ10:
   246                                 
   247 00000121 A1[00000000]            mov EAX,[I]
   248 00000126 2B05[00000000]          sub EAX,[ANC]
   249 0000012C 0F8C7D000000            jl LJ11
   250                                 
   251                                 
   252 00000132 A1[00000000]            mov EAX,[I]
   253 00000137 C1E002                  sal EAX,2
   254                                 
   255 0000013A 8B5D08                  mov EBX,[EBP+8]
   256 0000013D 01D8                    add EAX,EBX
   257 0000013F 8B00                    mov EAX,[EAX]
   258 00000141 A3[00000000]            mov [CHAR],EAX
   259                                 
   260                                 
   261 00000146 A1[00000000]            mov EAX,[CHAR]
   262 0000014B 83E839                  sub EAX,57
   263 0000014E 7F0D                    jg LJ12
   264                                 
   265                                 
   266 00000150 A1[00000000]            mov EAX,[CHAR]
   267 00000155 83E815                  sub EAX,21
   268 00000158 A3[00000000]            mov [B],EAX
   269                                 
   270 0000015D EB2E                    jmp LJ13
   271                                 LJ12:
   272                                 
   273 0000015F A1[00000000]            mov EAX,[CHAR]
   274 00000164 83E85A                  sub EAX,90
   275 00000167 7F0D                    jg LJ14
   276                                 
   277                                 
   278 00000169 A1[00000000]            mov EAX,[CHAR]
   279 0000016E 83E840                  sub EAX,64
   280 00000171 A3[00000000]            mov [B],EAX
   281                                 
   282 00000176 EB15                    jmp LJ15
   283                                 LJ14:
   284                                 
   285 00000178 A1[00000000]            mov EAX,[CHAR]
   286 0000017D 83E87A                  sub EAX,122
   287 00000180 7F0B                    jg LJ16
   288                                 
   289                                 
   290 00000182 A1[00000000]            mov EAX,[CHAR]
   291 00000187 83E860                  sub EAX,96
   292 0000018A A3[00000000]            mov [B],EAX
   293                                 
   294                                 LJ16:
   295                                 LJ15:
   296                                 LJ13:
   297                                 
   298                                 
   299 0000018F B828000000              mov EAX,40
   300 00000194 F72D[00000000]          imul dword [CODE]
   301 0000019A 0305[00000000]          add EAX,[B]
   302 000001A0 A3[00000000]            mov [CODE],EAX
   303                                 
   304                                 
   305 000001A5 A1[00000000]            mov EAX,[I]
   306 000001AA 48                      dec EAX
   307 000001AB A3[00000000]            mov [I],EAX
   308                                 
   309 000001B0 E967FFFFFF              jmp LJ10
   310                                 LJ11:
   311                                 
   312                                 
   313 000001B5 A1[00000000]            mov EAX,[CODE]
   314                                 
   315 000001BA 89EC                    mov ESP,EBP
   316 000001BC 5D                      pop EBP
   317 000001BD C3                      ret
   318                                 
   319                                 
   320                                 
   321                                 
   322                                 
   323                                 
   324                                 
   325                                 B402A:
   326 000001BE 55                      push EBP
   327 000001BF 89E5                    mov EBP,ESP
   328                                 
   329                                 
   330                                 
   331                                 
   332                                 
   333                                 
   334                                 
   335 000001C1 8B5D0C                  mov EBX,[EBP+12]
   336 000001C4 8B03                    mov EAX,[EBX]
   337 000001C6 A3[00000000]            mov [B],EAX
   338                                 
   339                                 
   340 000001CB A1[00000000]            mov EAX,[B]
   341 000001D0 09C0                    or EAX,EAX
   342 000001D2 7D3F                    jge LJ17
   343                                 
   344                                 
   345 000001D4 A1[00000000]            mov EAX,[B]
   346 000001D9 2305[00000000]          and EAX,[MASKW]
   347 000001DF 83C008                  add EAX,8
   348 000001E2 A3[00000000]            mov [B],EAX
   349                                 
   350                                 
   351 000001E7 A1[00000000]            mov EAX,[B]
   352 000001EC 99                      cdq
   353 000001ED B928000000              mov ECX,40
   354 000001F2 F7F9                    idiv dword ECX
   355 000001F4 89D0                    mov EAX,EDX
   356 000001F6 A3[00000000]            mov [CHAR],EAX
   357                                 
   358                                 
   359 000001FB A1[00000000]            mov EAX,[B]
   360 00000200 99                      cdq
   361 00000201 B928000000              mov ECX,40
   362 00000206 F7F9                    idiv dword ECX
   363 00000208 0305[00000000]          add EAX,[MOD40K]
   364 0000020E A3[00000000]            mov [B],EAX
   365                                 
   366 00000213 EB24                    jmp LJ18
   367                                 LJ17:
   368                                 
   369                                 
   370 00000215 A1[00000000]            mov EAX,[B]
   371 0000021A 99                      cdq
   372 0000021B B928000000              mov ECX,40
   373 00000220 F7F9                    idiv dword ECX
   374 00000222 89D0                    mov EAX,EDX
   375 00000224 A3[00000000]            mov [CHAR],EAX
   376                                 
   377                                 
   378 00000229 A1[00000000]            mov EAX,[B]
   379 0000022E 99                      cdq
   380 0000022F B928000000              mov ECX,40
   381 00000234 F7F9                    idiv dword ECX
   382 00000236 A3[00000000]            mov [B],EAX
   383                                 
   384                                 LJ18:
   385                                 
   386                                 
   387 0000023B B801000000              mov EAX,1
   388 00000240 A3[00000000]            mov [I],EAX
   389                                 
   390                                 LJ19:
   391                                 
   392                                 
   393 00000245 A1[00000000]            mov EAX,[CHAR]
   394 0000024A 83E81A                  sub EAX,26
   395                                 
   396 0000024D 7F0D                    jg LJ21
   397                                 
   398 0000024F A1[00000000]            mov EAX,[CHAR]
   399 00000254 83C040                  add EAX,64
   400 00000257 A3[00000000]            mov [CHAR],EAX
   401                                 
   402 0000025C EB0B                    jmp LJ22
   403                                 LJ21:
   404                                 
   405 0000025E A1[00000000]            mov EAX,[CHAR]
   406 00000263 83C015                  add EAX,21
   407 00000266 A3[00000000]            mov [CHAR],EAX
   408                                 
   409                                 LJ22:
   410                                 
   411                                 
   412 0000026B A1[00000000]            mov EAX,[I]
   413 00000270 C1E002                  sal EAX,2
   414                                 
   415 00000273 8B5D08                  mov EBX,[EBP+8]
   416 00000276 01D8                    add EAX,EBX
   417 00000278 A3[00000000]            mov [T5Z],EAX
   418 0000027D A1[00000000]            mov EAX,[CHAR]
   419 00000282 89C2                    mov EDX,EAX
   420 00000284 A1[00000000]            mov EAX,[T5Z]
   421 00000289 8910                    mov [EAX],EDX
   422                                 
   423                                 
   424 0000028B A1[00000000]            mov EAX,[I]
   425 00000290 40                      inc EAX
   426 00000291 A3[00000000]            mov [I],EAX
   427                                 
   428                                 
   429 00000296 A1[00000000]            mov EAX,[B]
   430 0000029B 99                      cdq
   431 0000029C B928000000              mov ECX,40
   432 000002A1 F7F9                    idiv dword ECX
   433 000002A3 89D0                    mov EAX,EDX
   434 000002A5 A3[00000000]            mov [CHAR],EAX
   435                                 
   436                                 
   437 000002AA A1[00000000]            mov EAX,[B]
   438 000002AF 99                      cdq
   439 000002B0 B928000000              mov ECX,40
   440 000002B5 F7F9                    idiv dword ECX
   441 000002B7 A3[00000000]            mov [B],EAX
   442                                 
   443                                 
   444 000002BC A1[00000000]            mov EAX,[CHAR]
   445 000002C1 09C0                    or EAX,EAX
   446                                 
   447 000002C3 7500                    jne LJ23
   448 000002C5 EB0C                    jmp LJ20
   449                                 
   450                                 LJ23:
   451                                 
   452                                 
   453 000002C7 A1[00000000]            mov EAX,[I]
   454 000002CC 83E806                  sub EAX,6
   455 000002CF 0F8E6AFFFFFF            jle LJ19
   456                                 LJ20:
   457                                 
   458                                 
   459 000002D5 A1[00000000]            mov EAX,[I]
   460 000002DA 48                      dec EAX
   461                                 
   462 000002DB 8B5D08                  mov EBX,[EBP+8]
   463 000002DE 8903                    mov [EBX],EAX
   464                                 
   465                                 
   466 000002E0 89EC                    mov ESP,EBP
   467 000002E2 5D                      pop EBP
   468 000002E3 C3                      ret
   469                                 
   470                                 [section .data]
   471                                 T5Z:
   472 00008050 00000000<rept>          times 2 dd 0
   473                                 [section .text]
   474                                 
   475                                 
   476                                 
   477                                 
   478                                 
   479                                 
   480                                 
   481                                 
   482                                 
   483                                 LOOKS:
   484 000002E4 55                      push EBP
   485 000002E5 89E5                    mov EBP,ESP
   486                                 
   487                                 
   488                                 
   489                                 
   490                                 
   491                                 
   492                                 
   493 000002E7 B800000000              mov EAX,0
   494 000002EC A3[00000000]            mov [COLFLG],EAX
   495                                 
   496                                 
   497                                 
   498 000002F1 8B5D10                  mov EBX,[EBP+16]
   499 000002F4 8B03                    mov EAX,[EBX]
   500 000002F6 A3[00000000]            mov [J],EAX
   501                                 
   502                                 
   503 000002FB A1[00000000]            mov EAX,[J]
   504 00000300 09C0                    or EAX,EAX
   505 00000302 7D11                    jge LJ24
   506                                 
   507                                 
   508 00000304 A1[00000000]            mov EAX,[J]
   509 00000309 2305[00000000]          and EAX,[MASKW]
   510 0000030F 83C020                  add EAX,32
   511 00000312 A3[00000000]            mov [J],EAX
   512                                 
   513                                 LJ24:
   514                                 
   515                                 
   516 00000317 A1[00000000]            mov EAX,[J]
   517                                 
   518 0000031C 99                      cdq
   519 0000031D B9FF1F0000              mov ECX,8191
   520 00000322 F7F9                    idiv dword ECX
   521 00000324 89D0                    mov EAX,EDX
   522 00000326 2305[00000000]          and EAX,[MASKE]
   523 0000032C A3[00000000]            mov [I],EAX
   524                                 
   525                                 
   526 00000331 A1[00000000]            mov EAX,[I]
   527 00000336 A3[00000000]            mov [J],EAX
   528                                 
   529                                 LJ25:
   530                                 
   531                                 
   532 0000033B A1[00000000]            mov EAX,[I]
   533 00000340 C1E002                  sal EAX,2
   534 00000343 05[00000000]            add EAX,TABLE
   535 00000348 8B00                    mov EAX,[EAX]
   536 0000034A 09C0                    or EAX,EAX
   537                                 
   538 0000034C 0F858E000000            jne LJ27
   539                                 
   540 00000352 A1[00000000]            mov EAX,[I]
   541 00000357 C1E002                  sal EAX,2
   542 0000035A 05[00000000]            add EAX,TABLE
   543 0000035F A3[00000000]            mov [T7Z],EAX
   544                                 
   545 00000364 8B5D10                  mov EBX,[EBP+16]
   546 00000367 8B03                    mov EAX,[EBX]
   547 00000369 89C2                    mov EDX,EAX
   548 0000036B A1[00000000]            mov EAX,[T7Z]
   549 00000370 8910                    mov [EAX],EDX
   550                                 
   551                                 
   552                                 
   553 00000372 8B5D08                  mov EBX,[EBP+8]
   554 00000375 8B03                    mov EAX,[EBX]
   555 00000377 09C0                    or EAX,EAX
   556                                 
   557 00000379 7429                    jz LJ28
   558                                 
   559 0000037B A1[00000000]            mov EAX,[I]
   560 00000380 40                      inc EAX
   561 00000381 C1E002                  sal EAX,2
   562 00000384 05[00000000]            add EAX,TABLE
   563 00000389 A3[00000000]            mov [T7Z1],EAX
   564                                 
   565 0000038E 8B5D08                  mov EBX,[EBP+8]
   566 00000391 8B03                    mov EAX,[EBX]
   567 00000393 C1E010                  sal EAX,16
   568                                 
   569 00000396 8B5D0C                  mov EBX,[EBP+12]
   570 00000399 0B03                    or EAX,[EBX]
   571 0000039B 89C2                    mov EDX,EAX
   572 0000039D A1[00000000]            mov EAX,[T7Z1]
   573 000003A2 8910                    mov [EAX],EDX
   574                                 
   575 000003A4 EB1F                    jmp LJ29
   576                                 LJ28:
   577                                 
   578 000003A6 A1[00000000]            mov EAX,[I]
   579 000003AB 40                      inc EAX
   580 000003AC C1E002                  sal EAX,2
   581 000003AF 05[00000000]            add EAX,TABLE
   582 000003B4 A3[00000000]            mov [T7Z],EAX
   583 000003B9 B800000000              mov EAX,0
   584 000003BE 89C2                    mov EDX,EAX
   585 000003C0 A1[00000000]            mov EAX,[T7Z]
   586 000003C5 8910                    mov [EAX],EDX
   587                                 
   588                                 LJ29:
   589                                 
   590                                 
   591 000003C7 A1[00000000]            mov EAX,[COLFLG]
   592 000003CC 09C0                    or EAX,EAX
   593 000003CE 7409                    jz LJ30
   594                                 
   595                                 
   596 000003D0 A1[00000000]            mov EAX,[COLLS]
   597 000003D5 40                      inc EAX
   598 000003D6 A3[00000000]            mov [COLLS],EAX
   599                                 
   600                                 LJ30:
   601                                 
   602                                 
   603 000003DB A1[00000000]            mov EAX,[I]
   604                                 
   605 000003E0 89EC                    mov ESP,EBP
   606 000003E2 5D                      pop EBP
   607 000003E3 C3                      ret
   608                                 
   609 000003E4 EB55                    jmp LJ31
   610                                 LJ27:
   611                                 
   612 000003E6 A1[00000000]            mov EAX,[I]
   613 000003EB C1E002                  sal EAX,2
   614 000003EE 05[00000000]            add EAX,TABLE
   615 000003F3 8B00                    mov EAX,[EAX]
   616                                 
   617 000003F5 8B5D10                  mov EBX,[EBP+16]
   618 000003F8 2B03                    sub EAX,[EBX]
   619                                 
   620 000003FA 753F                    jne LJ32
   621                                 
   622 000003FC A1[00000000]            mov EAX,[I]
   623 00000401 40                      inc EAX
   624 00000402 C1E002                  sal EAX,2
   625 00000405 05[00000000]            add EAX,TABLE
   626 0000040A 8B00                    mov EAX,[EAX]
   627 0000040C A3[00000000]            mov [B],EAX
   628                                 
   629                                 
   630 00000411 A1[00000000]            mov EAX,[B]
   631 00000416 2305[00000000]          and EAX,[MASKV]
   632                                 
   633 0000041C 8B5D0C                  mov EBX,[EBP+12]
   634 0000041F 8903                    mov [EBX],EAX
   635                                 
   636                                 
   637 00000421 A1[00000000]            mov EAX,[B]
   638 00000426 C1F810                  sar EAX,16
   639 00000429 2305[00000000]          and EAX,[MASKV]
   640                                 
   641 0000042F 8B5D08                  mov EBX,[EBP+8]
   642 00000432 8903                    mov [EBX],EAX
   643                                 
   644                                 
   645 00000434 A1[00000000]            mov EAX,[I]
   646                                 
   647 00000439 89EC                    mov ESP,EBP
   648 0000043B 5D                      pop EBP
   649 0000043C C3                      ret
   650                                 
   651                                 LJ32:
   652                                 LJ31:
   653                                 
   654                                 
   655 0000043D A1[00000000]            mov EAX,[I]
   656 00000442 83C002                  add EAX,2
   657 00000445 A3[00000000]            mov [I],EAX
   658                                 
   659                                 
   660 0000044A B801000000              mov EAX,1
   661 0000044F A3[00000000]            mov [COLFLG],EAX
   662                                 
   663                                 
   664 00000454 A1[00000000]            mov EAX,[I]
   665 00000459 2DFF1F0000              sub EAX,8191
   666                                 
   667 0000045E 7E0D                    jle LJ33
   668                                 
   669 00000460 A1[00000000]            mov EAX,[I]
   670 00000465 2DFF1F0000              sub EAX,8191
   671 0000046A A3[00000000]            mov [I],EAX
   672                                 
   673                                 LJ33:
   674                                 
   675                                 
   676 0000046F A1[00000000]            mov EAX,[I]
   677 00000474 2B05[00000000]          sub EAX,[J]
   678 0000047A 0F85B5FEFFFF            jne LJ25
   679                                 LJ26:
   680                                 
   681                                 
   682 00000480 B801000000              mov EAX,1
   683 00000485 F7D8                    neg EAX
   684                                 
   685 00000487 89EC                    mov ESP,EBP
   686 00000489 5D                      pop EBP
   687 0000048A C3                      ret
   688                                 
   689                                 [section .data]
   690                                 T7Z:
   691 00008058 00000000<rept>          times 2 dd 0
   692                                 [section .text]
   693                                 [section .data]
   694                                 T7Z1:
   695 00008060 00000000                times 1 dd 0
   696                                 [section .text]
   697                                 
   698                                 
   699                                 
   700                                 
   701                                 
   702                                 
   703                                 GETS:
   704 0000048B 55                      push EBP
   705 0000048C 89E5                    mov EBP,ESP
   706                                 
   707                                 
   708                                 
   709                                 
   710                                 
   711                                 
   712                                 
   713                                 
   714 0000048E 8B5D10                  mov EBX,[EBP+16]
   715 00000491 8B03                    mov EAX,[EBX]
   716 00000493 40                      inc EAX
   717 00000494 C1E002                  sal EAX,2
   718 00000497 05[00000000]            add EAX,TABLE
   719 0000049C 8B00                    mov EAX,[EAX]
   720 0000049E A3[00000000]            mov [B],EAX
   721                                 
   722                                 
   723 000004A3 A1[00000000]            mov EAX,[B]
   724 000004A8 2305[00000000]          and EAX,[MASKV]
   725                                 
   726 000004AE 8B5D0C                  mov EBX,[EBP+12]
   727 000004B1 8903                    mov [EBX],EAX
   728                                 
   729                                 
   730 000004B3 A1[00000000]            mov EAX,[B]
   731 000004B8 C1F810                  sar EAX,16
   732 000004BB 2305[00000000]          and EAX,[MASKV]
   733                                 
   734 000004C1 8B5D08                  mov EBX,[EBP+8]
   735 000004C4 8903                    mov [EBX],EAX
   736                                 
   737                                 
   738 000004C6 89EC                    mov ESP,EBP
   739 000004C8 5D                      pop EBP
   740 000004C9 C3                      ret
   741                                 
   742                                 
   743                                 
   744                                 
   745                                 
   746                                 
   747                                 
   748                                 PUTS:
   749 000004CA 55                      push EBP
   750 000004CB 89E5                    mov EBP,ESP
   751                                 
   752                                 
   753                                 
   754                                 
   755                                 
   756                                 
   757                                 
   758                                 
   759 000004CD 8B5D10                  mov EBX,[EBP+16]
   760 000004D0 8B03                    mov EAX,[EBX]
   761 000004D2 40                      inc EAX
   762 000004D3 C1E002                  sal EAX,2
   763 000004D6 05[00000000]            add EAX,TABLE
   764 000004DB A3[00000000]            mov [T11Z1],EAX
   765                                 
   766 000004E0 8B5D08                  mov EBX,[EBP+8]
   767 000004E3 8B03                    mov EAX,[EBX]
   768 000004E5 C1E010                  sal EAX,16
   769                                 
   770 000004E8 8B5D0C                  mov EBX,[EBP+12]
   771 000004EB 0B03                    or EAX,[EBX]
   772 000004ED 89C2                    mov EDX,EAX
   773 000004EF A1[00000000]            mov EAX,[T11Z1]
   774 000004F4 8910                    mov [EAX],EDX
   775                                 
   776                                 
   777 000004F6 89EC                    mov ESP,EBP
   778 000004F8 5D                      pop EBP
   779 000004F9 C3                      ret
   780                                 
   781                                 [section .data]
   782                                 T11Z1:
   783 00008064 00000000                times 1 dd 0
   784                                 [section .text]
   785                                 
   786                                 
   787                                 
   788                                 
   789                                 
   790                                 
   791                                 GETWRD:
   792 000004FA 55                      push EBP
   793 000004FB 89E5                    mov EBP,ESP
   794                                 
   795                                 
   796                                 
   797                                 
   798                                 
   799                                 
   800                                 
   801 000004FD 8B5D0C                  mov EBX,[EBP+12]
   802 00000500 8B03                    mov EAX,[EBX]
   803 00000502 C1E002                  sal EAX,2
   804 00000505 05[00000000]            add EAX,TABLE
   805 0000050A 8B00                    mov EAX,[EAX]
   806                                 
   807 0000050C 8B5D08                  mov EBX,[EBP+8]
   808 0000050F 8903                    mov [EBX],EAX
   809                                 
   810                                 
   811 00000511 89EC                    mov ESP,EBP
   812 00000513 5D                      pop EBP
   813 00000514 C3                      ret
   814                                 
   815                                 
   816                                 
   817                                  end
