     1                                 %line 1+1 testinit.asm
     2                                 
     3                                 
     4                                 
     5                                 [global progr]
     6                                 [extern exit]
     7                                 
     8                                 
     9                                 [global INIT]
    10                                 [section .text]
    11                                 progr:
    12 00000000 55                      push EBP
    13 00000001 89E5                    mov EBP,ESP
    14 00000003 EBFE                    jmp INIT
    15                                 
    16                                 [extern INITSYM]
    17                                 [extern DMPLIST]
    18                                 
    19                                 
    20                                 [section .text]
    21                                 INIT:
    22                                 
    23                                 
    24 00000005 E8(F6FFFFFF)            call INITSYM
    25                                 
    26                                 
    27 0000000A E8(F6FFFFFF)            call DMPLIST
    28                                 
    29                                 
    30 0000000F 89EC                    mov ESP,EBP
    31 00000011 5D                      pop EBP
    32 00000012 C3                      ret
    33                                 
    34                                  end
